Error : handleGetUser - | Message - json is not defined | Path - /api/user/ | Method - GET | User ID = 6662e048025cf235055d6446Error : handleCreateNewUser - | Message - E11000 duplicate key error collection: crud-app.users index: email_1 dup key: { email: "s.prakash2245@gmail.com" } | Path - /api/user | Method - POSTError : handleUpdateUser - | Message - UserMode is not defined | Path - /api/user | Method - PATCH | User ID = 666475e57f670131835d075e